﻿
> lessonapp-upsell@0.0.0 build
> vite build

[36mvite v8.0.0 [32mbuilding client environment for production...[36m[39m
[2K
transforming...Ô£ô 2093 modules transformed.
node.exe : [31mÔ£ù[39m Build failed in 371ms
At C:\Program Files\nodejs\npm.ps1:29 char:3
+   & $NODE_EXE $NPM_CLI_JS $args
+   ~~~~~~~~~~~~~~~~~~~~~~~~~~~~~
    + CategoryInfo          : NotSpecified: ([31mÔ£ù[39m Build failed  
   in 371ms:String) [], RemoteException
    + FullyQualifiedErrorId : NativeCommandError
 
[31merror during build:
[31mBuild failed with 2 errors:

[plugin vite:css] C:/Users/PICHAU/Documents/LessonApp 
Upsell/src/App.css:undefined:NaN
Error: [postcss] It looks like you're trying to use `tailwindcss` 
directly as a PostCSS plugin. The PostCSS plugin has moved to a separate 
package, so to continue using Tailwind CSS with PostCSS you'll need to 
install `@tailwindcss/postcss` and update your PostCSS configuration.
    at at (C:\Users\PICHAU\Documents\LessonApp 
Upsell\node_modules\tailwindcss\dist\lib.js:38:1643)
    at LazyResult.runOnRoot (C:\Users\PICHAU\Documents\LessonApp 
Upsell\node_modules\postcss\lib\lazy-result.js:361:16)
    at LazyResult.runAsync (C:\Users\PICHAU\Documents\LessonApp 
Upsell\node_modules\postcss\lib\lazy-result.js:290:26)
    at LazyResult.async (C:\Users\PICHAU\Documents\LessonApp 
Upsell\node_modules\postcss\lib\lazy-result.js:192:30)
    at LazyResult.then (C:\Users\PICHAU\Documents\LessonApp 
Upsell\node_modules\postcss\lib\lazy-result.js:436:17)
[plugin vite:css] C:/Users/PICHAU/Documents/LessonApp 
Upsell/src/index.css:undefined:NaN
Error: [postcss] It looks like you're trying to use `tailwindcss` 
directly as a PostCSS plugin. The PostCSS plugin has moved to a separate 
package, so to continue using Tailwind CSS with PostCSS you'll need to 
install `@tailwindcss/postcss` and update your PostCSS configuration.
    at at (C:\Users\PICHAU\Documents\LessonApp 
Upsell\node_modules\tailwindcss\dist\lib.js:38:1643)
    at LazyResult.runOnRoot (C:\Users\PICHAU\Documents\LessonApp 
Upsell\node_modules\postcss\lib\lazy-result.js:361:16)
    at LazyResult.runAsync (C:\Users\PICHAU\Documents\LessonApp 
Upsell\node_modules\postcss\lib\lazy-result.js:290:26)
    at LazyResult.async (C:\Users\PICHAU\Documents\LessonApp 
Upsell\node_modules\postcss\lib\lazy-result.js:192:30)
    at LazyResult.then (C:\Users\PICHAU\Documents\LessonApp 
Upsell\node_modules\postcss\lib\lazy-result.js:436:17)[31m
    at aggregateBindingErrorsIntoJsError (file:///C:/Users/PICHAU/Documen
ts/LessonApp%20Upsell/node_modules/rolldown/dist/shared/error-CP8smW_P.mj
s:48:18)
    at unwrapBindingResult (file:///C:/Users/PICHAU/Documents/LessonApp%2
0Upsell/node_modules/rolldown/dist/shared/error-CP8smW_P.mjs:18:128)
    at #build (file:///C:/Users/PICHAU/Documents/LessonApp%20Upsell/node_
modules/rolldown/dist/shared/rolldown-build-4YnQkA76.mjs:3311:34)
    at async buildEnvironment (file:///C:/Users/PICHAU/Documents/LessonAp
p%20Upsell/node_modules/vite/dist/node/chunks/node.js:32794:64)
    at async Object.build (file:///C:/Users/PICHAU/Documents/LessonApp%20
Upsell/node_modules/vite/dist/node/chunks/node.js:33216:19)
    at async Object.buildApp (file:///C:/Users/PICHAU/Documents/LessonApp
%20Upsell/node_modules/vite/dist/node/chunks/node.js:33213:153)
    at async CAC.<anonymous> (file:///C:/Users/PICHAU/Documents/LessonApp
%20Upsell/node_modules/vite/dist/node/cli.js:778:3) {
  errors: [Getter/Setter]
}[39m
